// Vitest Snapshot v1, https://vitest.dev/guide/snapshot.html

exports[`<Home /> > renders and matches the snapshot 1`] = `
<DocumentFragment>
  <h1>
    Home
  </h1>
</DocumentFragment>
`;
