// Vitest Snapshot v1, https://vitest.dev/guide/snapshot.html

exports[`<About /> > renders and matches the snapshot 1`] = `
<DocumentFragment>
  <h1>
    About
  </h1>
</DocumentFragment>
`;
