// Vitest Snapshot v1, https://vitest.dev/guide/snapshot.html

exports[`<Contact /> > renders and matches the snapshot 1`] = `
<DocumentFragment>
  <h1>
    Contact
  </h1>
</DocumentFragment>
`;
